// Jest Snapshot v1, https://goo.gl/fbAQLP

exports[`The test of OrderList component OrderList was rendered 1`] = `
<Fragment>
  <WithStyles(ForwardRef(ExpansionPanel))
    expanded={false}
    onChange={[Function]}
  >
    <WithStyles(ForwardRef(ExpansionPanelSummary))
      aria-controls="panel2bh-content"
      expandIcon={<Memo(ExpandMoreIcon) />}
      id="panel2bh-header"
    >
      <WithStyles(ForwardRef(Typography))
        className="makeStyles-heading-2"
        style={
          Object {
            "color": "#6A86E8",
          }
        }
      >
        My Order List
      </WithStyles(ForwardRef(Typography))>
    </WithStyles(ForwardRef(ExpansionPanelSummary))>
    <WithStyles(ForwardRef(ExpansionPanelDetails))
      className="makeStyles-expansionPanelDetails-1"
    >
      <WithStyles(ForwardRef(Typography))>
        Donec placerat, lectus sed mattis semper, neque lectus feugiat lectus, varius pulvinar diam eros in elit. Pellentesque convallis laoreet laoreet.
      </WithStyles(ForwardRef(Typography))>
    </WithStyles(ForwardRef(ExpansionPanelDetails))>
  </WithStyles(ForwardRef(ExpansionPanel))>
</Fragment>
`;
